Running main() from /dicos_ui_home/noah/traccc/build/_deps/googletest-src/googletest/src/gtest_main.cc
Note: Google Test filter = *Kalman*
[==========] Running 17 tests from 13 test suites.
[----------] Global test environment set-up.
[----------] 1 test from KalmanFittingHoleCount/KalmanFittingHoleCountTests
[ RUN      ] KalmanFittingHoleCount/KalmanFittingHoleCountTests.Run/0
Using hit time
[       OK ] KalmanFittingHoleCount/KalmanFittingHoleCountTests.Run/0 (34 ms)
[----------] 1 test from KalmanFittingHoleCount/KalmanFittingHoleCountTests (34 ms total)

[----------] 3 tests from KalmanFitMomentumResolutionValidation0/KalmanFittingMomentumResolutionTests
[ RUN      ] KalmanFitMomentumResolutionValidation0/KalmanFittingMomentumResolutionTests.Run/0
Using hit time
Using hit time
Using hit time
Using hit time
Using hit time
Using hit time
Using hit time
Using hit time
Using hit time
Using hit time
Using hit time
Using hit time
Using hit time
Using hit time
Using hit time
Using hit time
Using hit time
Using hit time
Using hit time
Using hit time
Using hit time
Using hit time
Using hit time
Using hit time
Using hit time
Using hit time
Using hit time
Using hit time
Using hit time
Using hit time
Using hit time
Using hit time
Using hit time
Using hit time
Using hit time
Using hit time
Using hit time
Using hit time
Using hit time
Using hit time
Using hit time
Using hit time
Using hit time
Using hit time
Using hit time
Using hit time
Using hit time
Using hit time
Using hit time
Using hit time
Using hit time
Using hit time
Using hit time
Using hit time
Using hit time
Using hit time
Using hit time
Using hit time
Using hit time
Using hit time
Using hit time
Using hit time
Using hit time
Using hit time
Using hit time
Using hit time
Using hit time
Using hit time
Using hit time
Using hit time
Using hit time
Using hit time
Using hit time
Using hit time
Using hit time
Using hit time
Using hit time
Using hit time
Using hit time
Using hit time
Using hit time
Using hit time
Using hit time
Using hit time
Using hit time
Using hit time
Using hit time
Using hit time
Using hit time
Using hit time
Using hit time
Using hit time
Using hit time
Using hit time
Using hit time
Using hit time
Using hit time
Using hit time
Using hit time
Using hit time
C system headers (glibc/Xcode/Windows SDK) must be installed.
In file included from input_line_4:36:
/dicos_ui_home/noah/miniconda3/bin/../lib/gcc/x86_64-conda-linux-gnu/13.4.0/include/c++/cassert:44:10: fatal error: 'assert.h' file not found
#include <assert.h>
         ^~~~~~~~~~
Warning in <Fit>: Fit data is empty 
Warning in <Fit>: Fit data is empty 
[       OK ] KalmanFitMomentumResolutionValidation0/KalmanFittingMomentumResolutionTests.Run/0 (44233 ms)
[ RUN      ] KalmanFitMomentumResolutionValidation0/KalmanFittingMomentumResolutionTests.Run/1
Using hit time
Using hit time
Using hit time
Using hit time
Using hit time
Using hit time
Using hit time
Using hit time
Using hit time
Using hit time
Using hit time
Using hit time
Using hit time
Using hit time
Using hit time
Using hit time
Using hit time
Using hit time
Using hit time
Using hit time
Using hit time
Using hit time
Using hit time
Using hit time
Using hit time
Using hit time
Using hit time
Using hit time
Using hit time
Using hit time
Using hit time
Using hit time
Using hit time
Using hit time
Using hit time
Using hit time
Using hit time
Using hit time
Using hit time
Using hit time
Using hit time
Using hit time
Using hit time
Using hit time
Using hit time
Using hit time
Using hit time
Using hit time
Using hit time
Using hit time
Using hit time
Using hit time
Using hit time
Using hit time
Using hit time
Using hit time
Using hit time
Using hit time
Using hit time
Using hit time
Using hit time
Using hit time
Using hit time
Using hit time
Using hit time
Using hit time
Using hit time
Using hit time
Using hit time
Using hit time
Using hit time
Using hit time
Using hit time
Using hit time
Using hit time
Using hit time
Using hit time
Using hit time
Using hit time
Using hit time
Using hit time
Using hit time
Using hit time
Using hit time
Using hit time
Using hit time
Using hit time
Using hit time
Using hit time
Using hit time
Using hit time
Using hit time
Using hit time
Using hit time
Using hit time
Using hit time
Using hit time
Using hit time
Using hit time
Using hit time
Warning in <Fit>: Fit data is empty 
Warning in <Fit>: Fit data is empty 
[       OK ] KalmanFitMomentumResolutionValidation0/KalmanFittingMomentumResolutionTests.Run/1 (42232 ms)
[ RUN      ] KalmanFitMomentumResolutionValidation0/KalmanFittingMomentumResolutionTests.Run/2
Using hit time
Using hit time
Using hit time
Using hit time
Using hit time
Using hit time
Using hit time
Using hit time
Using hit time
Using hit time
Using hit time
Using hit time
Using hit time
Using hit time
Using hit time
Using hit time
Using hit time
Using hit time
Using hit time
Using hit time
Using hit time
Using hit time
Using hit time
Using hit time
Using hit time
Using hit time
Using hit time
Using hit time
Using hit time
Using hit time
Using hit time
Using hit time
Using hit time
Using hit time
Using hit time
Using hit time
Using hit time
Using hit time
Using hit time
Using hit time
Using hit time
Using hit time
Using hit time
Using hit time
Using hit time
Using hit time
Using hit time
Using hit time
Using hit time
Using hit time
Using hit time
Using hit time
Using hit time
Using hit time
Using hit time
Using hit time
Using hit time
Using hit time
Using hit time
Using hit time
Using hit time
Using hit time
Using hit time
Using hit time
Using hit time
Using hit time
Using hit time
Using hit time
Using hit time
Using hit time
Using hit time
Using hit time
Using hit time
Using hit time
Using hit time
Using hit time
Using hit time
Using hit time
Using hit time
Using hit time
Using hit time
Using hit time
Using hit time
Using hit time
Using hit time
Using hit time
Using hit time
Using hit time
Using hit time
Using hit time
Using hit time
Using hit time
Using hit time
Using hit time
Using hit time
Using hit time
Using hit time
Using hit time
Using hit time
Using hit time
Warning in <Fit>: Fit data is empty 
Warning in <Fit>: Fit data is empty 
[       OK ] KalmanFitMomentumResolutionValidation0/KalmanFittingMomentumResolutionTests.Run/2 (34582 ms)
[----------] 3 tests from KalmanFitMomentumResolutionValidation0/KalmanFittingMomentumResolutionTests (121058 ms total)

[----------] 3 tests from KalmanFitMomentumResolutionValidation1/KalmanFittingMomentumResolutionTests
[ RUN      ] KalmanFitMomentumResolutionValidation1/KalmanFittingMomentumResolutionTests.Run/0
Using hit time
Using hit time
Using hit time
Using hit time
Using hit time
Using hit time
Using hit time
Using hit time
Using hit time
Using hit time
Using hit time
Using hit time
Using hit time
Using hit time
Using hit time
Using hit time
Using hit time
Using hit time
Using hit time
Using hit time
Using hit time
Using hit time
Using hit time
Using hit time
Using hit time
Using hit time
Using hit time
Using hit time
Using hit time
Using hit time
Using hit time
Using hit time
Using hit time
Using hit time
Using hit time
Using hit time
Using hit time
Using hit time
Using hit time
Using hit time
Using hit time
Using hit time
Using hit time
Using hit time
Using hit time
Using hit time
Using hit time
Using hit time
Using hit time
Using hit time
Using hit time
Using hit time
Using hit time
Using hit time
Using hit time
Using hit time
Using hit time
Using hit time
Using hit time
Using hit time
Using hit time
Using hit time
Using hit time
Using hit time
Using hit time
Using hit time
Using hit time
Using hit time
Using hit time
Using hit time
Using hit time
Using hit time
Using hit time
Using hit time
Using hit time
Using hit time
Using hit time
Using hit time
Using hit time
Using hit time
Using hit time
Using hit time
Using hit time
Using hit time
Using hit time
Using hit time
Using hit time
Using hit time
Using hit time
Using hit time
Using hit time
Using hit time
Using hit time
Using hit time
Using hit time
Using hit time
Using hit time
Using hit time
Using hit time
Using hit time
Warning in <Fit>: Fit data is empty 
Warning in <Fit>: Fit data is empty 
[       OK ] KalmanFitMomentumResolutionValidation1/KalmanFittingMomentumResolutionTests.Run/0 (40996 ms)
[ RUN      ] KalmanFitMomentumResolutionValidation1/KalmanFittingMomentumResolutionTests.Run/1
Using hit time
Using hit time
Using hit time
Using hit time
Using hit time
Using hit time
Using hit time
Using hit time
Using hit time
Using hit time
Using hit time
Using hit time
Using hit time
Using hit time
Using hit time
Using hit time
Using hit time
Using hit time
Using hit time
Using hit time
Using hit time
Using hit time
Using hit time
Using hit time
Using hit time
Using hit time
Using hit time
Using hit time
Using hit time
Using hit time
Using hit time
Using hit time
Using hit time
Using hit time
Using hit time
Using hit time
Using hit time
Using hit time
Using hit time
Using hit time
Using hit time
Using hit time
Using hit time
Using hit time
Using hit time
Using hit time
Using hit time
Using hit time
Using hit time
Using hit time
Using hit time
Using hit time
Using hit time
Using hit time
Using hit time
Using hit time
Using hit time
Using hit time
Using hit time
Using hit time
Using hit time
Using hit time
Using hit time
Using hit time
Using hit time
Using hit time
Using hit time
Using hit time
Using hit time
Using hit time
Using hit time
Using hit time
Using hit time
Using hit time
Using hit time
Using hit time
Using hit time
Using hit time
Using hit time
Using hit time
Using hit time
Using hit time
Using hit time
Using hit time
Using hit time
Using hit time
Using hit time
Using hit time
Using hit time
Using hit time
Using hit time
Using hit time
Using hit time
Using hit time
Using hit time
Using hit time
Using hit time
Using hit time
Using hit time
Using hit time
Warning in <Fit>: Fit data is empty 
Warning in <Fit>: Fit data is empty 
[       OK ] KalmanFitMomentumResolutionValidation1/KalmanFittingMomentumResolutionTests.Run/1 (39078 ms)
[ RUN      ] KalmanFitMomentumResolutionValidation1/KalmanFittingMomentumResolutionTests.Run/2
Using hit time
Using hit time
Using hit time
Using hit time
Using hit time
Using hit time
Using hit time
Using hit time
Using hit time
Using hit time
Using hit time
Using hit time
Using hit time
Using hit time
Using hit time
Using hit time
Using hit time
Using hit time
Using hit time
Using hit time
Using hit time
Using hit time
Using hit time
Using hit time
Using hit time
Using hit time
Using hit time
Using hit time
Using hit time
Using hit time
Using hit time
Using hit time
Using hit time
Using hit time
Using hit time
Using hit time
Using hit time
Using hit time
Using hit time
Using hit time
Using hit time
Using hit time
Using hit time
Using hit time
Using hit time
Using hit time
Using hit time
Using hit time
Using hit time
Using hit time
Using hit time
Using hit time
Using hit time
Using hit time
Using hit time
Using hit time
Using hit time
Using hit time
Using hit time
Using hit time
Using hit time
Using hit time
Using hit time
Using hit time
Using hit time
Using hit time
Using hit time
Using hit time
Using hit time
Using hit time
Using hit time
Using hit time
Using hit time
Using hit time
Using hit time
Using hit time
Using hit time
Using hit time
Using hit time
Using hit time
Using hit time
Using hit time
Using hit time
Using hit time
Using hit time
Using hit time
Using hit time
Using hit time
Using hit time
Using hit time
Using hit time
Using hit time
Using hit time
Using hit time
Using hit time
Using hit time
Using hit time
Using hit time
Using hit time
Using hit time
Warning in <Fit>: Fit data is empty 
Warning in <Fit>: Fit data is empty 
[       OK ] KalmanFitMomentumResolutionValidation1/KalmanFittingMomentumResolutionTests.Run/2 (42772 ms)
[----------] 3 tests from KalmanFitMomentumResolutionValidation1/KalmanFittingMomentumResolutionTests (122861 ms total)

[----------] 1 test from KalmanFitTelescopeValidation0/KalmanFittingTelescopeTests
[ RUN      ] KalmanFitTelescopeValidation0/KalmanFittingTelescopeTests.Run/0
Using hit time
Using hit time
Using hit time
Using hit time
Using hit time
Using hit time
Using hit time
Using hit time
Using hit time
Using hit time
Using hit time
Using hit time
Using hit time
Using hit time
Using hit time
Using hit time
Using hit time
Using hit time
Using hit time
Using hit time
Using hit time
Using hit time
Using hit time
Using hit time
Using hit time
Using hit time
Using hit time
Using hit time
Using hit time
Using hit time
Using hit time
Using hit time
Using hit time
Using hit time
Using hit time
Using hit time
Using hit time
Using hit time
Using hit time
Using hit time
Using hit time
Using hit time
Using hit time
Using hit time
Using hit time
Using hit time
Using hit time
Using hit time
Using hit time
Using hit time
Using hit time
Using hit time
Using hit time
Using hit time
Using hit time
Using hit time
Using hit time
Using hit time
Using hit time
Using hit time
Using hit time
Using hit time
Using hit time
Using hit time
Using hit time
Using hit time
Using hit time
Using hit time
Using hit time
Using hit time
Using hit time
Using hit time
Using hit time
Using hit time
Using hit time
Using hit time
Using hit time
Using hit time
Using hit time
Using hit time
Using hit time
Using hit time
Using hit time
Using hit time
Using hit time
Using hit time
Using hit time
Using hit time
Using hit time
Using hit time
Using hit time
Using hit time
Using hit time
Using hit time
Using hit time
Using hit time
Using hit time
Using hit time
Using hit time
Using hit time
[       OK ] KalmanFitTelescopeValidation0/KalmanFittingTelescopeTests.Run/0 (46221 ms)
[----------] 1 test from KalmanFitTelescopeValidation0/KalmanFittingTelescopeTests (46221 ms total)

[----------] 1 test from KalmanFitTelescopeValidation1/KalmanFittingTelescopeTests
[ RUN      ] KalmanFitTelescopeValidation1/KalmanFittingTelescopeTests.Run/0
Using hit time
Using hit time
Using hit time
Using hit time
Using hit time
Using hit time
Using hit time
Using hit time
Using hit time
Using hit time
Using hit time
Using hit time
Using hit time
Using hit time
Using hit time
Using hit time
Using hit time
Using hit time
Using hit time
Using hit time
Using hit time
Using hit time
Using hit time
Using hit time
Using hit time
Using hit time
Using hit time
Using hit time
Using hit time
Using hit time
Using hit time
Using hit time
Using hit time
Using hit time
Using hit time
Using hit time
Using hit time
Using hit time
Using hit time
Using hit time
Using hit time
Using hit time
Using hit time
Using hit time
Using hit time
Using hit time
Using hit time
Using hit time
Using hit time
Using hit time
Using hit time
Using hit time
Using hit time
Using hit time
Using hit time
Using hit time
Using hit time
Using hit time
Using hit time
Using hit time
Using hit time
Using hit time
Using hit time
Using hit time
Using hit time
Using hit time
Using hit time
Using hit time
Using hit time
Using hit time
Using hit time
Using hit time
Using hit time
Using hit time
Using hit time
Using hit time
Using hit time
Using hit time
Using hit time
Using hit time
Using hit time
Using hit time
Using hit time
Using hit time
Using hit time
Using hit time
Using hit time
Using hit time
Using hit time
Using hit time
Using hit time
Using hit time
Using hit time
Using hit time
Using hit time
Using hit time
Using hit time
Using hit time
Using hit time
Using hit time
[       OK ] KalmanFitTelescopeValidation1/KalmanFittingTelescopeTests.Run/0 (17532 ms)
[----------] 1 test from KalmanFitTelescopeValidation1/KalmanFittingTelescopeTests (17545 ms total)

[----------] 1 test from KalmanFitTelescopeValidation2/KalmanFittingTelescopeTests
[ RUN      ] KalmanFitTelescopeValidation2/KalmanFittingTelescopeTests.Run/0
Using hit time
Using hit time
Using hit time
Using hit time
Using hit time
Using hit time
Using hit time
Using hit time
Using hit time
Using hit time
Using hit time
Using hit time
Using hit time
Using hit time
Using hit time
Using hit time
Using hit time
Using hit time
Using hit time
Using hit time
Using hit time
Using hit time
Using hit time
Using hit time
Using hit time
Using hit time
Using hit time
Using hit time
Using hit time
Using hit time
Using hit time
Using hit time
Using hit time
Using hit time
Using hit time
Using hit time
Using hit time
Using hit time
Using hit time
Using hit time
Using hit time
Using hit time
Using hit time
Using hit time
Using hit time
Using hit time
Using hit time
Using hit time
Using hit time
Using hit time
Using hit time
Using hit time
Using hit time
Using hit time
Using hit time
Using hit time
Using hit time
Using hit time
Using hit time
Using hit time
Using hit time
Using hit time
Using hit time
Using hit time
Using hit time
Using hit time
Using hit time
Using hit time
Using hit time
Using hit time
Using hit time
Using hit time
Using hit time
Using hit time
Using hit time
Using hit time
Using hit time
Using hit time
Using hit time
Using hit time
Using hit time
Using hit time
Using hit time
Using hit time
Using hit time
Using hit time
Using hit time
Using hit time
Using hit time
Using hit time
Using hit time
Using hit time
Using hit time
Using hit time
Using hit time
Using hit time
Using hit time
Using hit time
Using hit time
Using hit time
Warning in <Fit>: Fit data is empty 
Warning in <Fit>: Fit data is empty 
[       OK ] KalmanFitTelescopeValidation2/KalmanFittingTelescopeTests.Run/0 (19321 ms)
[----------] 1 test from KalmanFitTelescopeValidation2/KalmanFittingTelescopeTests (19321 ms total)

[----------] 1 test from KalmanFitTelescopeValidation3/KalmanFittingTelescopeTests
[ RUN      ] KalmanFitTelescopeValidation3/KalmanFittingTelescopeTests.Run/0
Using hit time
Using hit time
Using hit time
Using hit time
Using hit time
Using hit time
Using hit time
Using hit time
Using hit time
Using hit time
Using hit time
Using hit time
Using hit time
Using hit time
Using hit time
Using hit time
Using hit time
Using hit time
Using hit time
Using hit time
Using hit time
Using hit time
Using hit time
Using hit time
Using hit time
Using hit time
Using hit time
Using hit time
Using hit time
Using hit time
Using hit time
Using hit time
Using hit time
Using hit time
Using hit time
Using hit time
Using hit time
Using hit time
Using hit time
Using hit time
Using hit time
Using hit time
Using hit time
Using hit time
Using hit time
Using hit time
Using hit time
Using hit time
Using hit time
Using hit time
Using hit time
Using hit time
Using hit time
Using hit time
Using hit time
Using hit time
Using hit time
Using hit time
Using hit time
Using hit time
Using hit time
Using hit time
Using hit time
Using hit time
Using hit time
Using hit time
Using hit time
Using hit time
Using hit time
Using hit time
Using hit time
Using hit time
Using hit time
Using hit time
Using hit time
Using hit time
Using hit time
Using hit time
Using hit time
Using hit time
Using hit time
Using hit time
Using hit time
Using hit time
Using hit time
Using hit time
Using hit time
Using hit time
Using hit time
Using hit time
Using hit time
Using hit time
Using hit time
Using hit time
Using hit time
Using hit time
Using hit time
Using hit time
Using hit time
Using hit time
[       OK ] KalmanFitTelescopeValidation3/KalmanFittingTelescopeTests.Run/0 (20765 ms)
[----------] 1 test from KalmanFitTelescopeValidation3/KalmanFittingTelescopeTests (20765 ms total)

[----------] 1 test from KalmanFitTelescopeValidation4/KalmanFittingTelescopeTests
[ RUN      ] KalmanFitTelescopeValidation4/KalmanFittingTelescopeTests.Run/0
Using hit time
Using hit time
Using hit time
Using hit time
Using hit time
Using hit time
Using hit time
Using hit time
Using hit time
Using hit time
Using hit time
Using hit time
Using hit time
Using hit time
Using hit time
Using hit time
Using hit time
Using hit time
Using hit time
Using hit time
Using hit time
Using hit time
Using hit time
Using hit time
Using hit time
Using hit time
Using hit time
Using hit time
Using hit time
Using hit time
Using hit time
Using hit time
Using hit time
Using hit time
Using hit time
Using hit time
Using hit time
Using hit time
Using hit time
Using hit time
Using hit time
Using hit time
Using hit time
Using hit time
Using hit time
Using hit time
Using hit time
Using hit time
Using hit time
Using hit time
Using hit time
Using hit time
Using hit time
Using hit time
Using hit time
Using hit time
Using hit time
Using hit time
Using hit time
Using hit time
Using hit time
Using hit time
Using hit time
Using hit time
Using hit time
Using hit time
Using hit time
Using hit time
Using hit time
Using hit time
Using hit time
Using hit time
Using hit time
Using hit time
Using hit time
Using hit time
Using hit time
Using hit time
Using hit time
Using hit time
Using hit time
Using hit time
Using hit time
Using hit time
Using hit time
Using hit time
Using hit time
Using hit time
Using hit time
Using hit time
Using hit time
Using hit time
Using hit time
Using hit time
Using hit time
Using hit time
Using hit time
Using hit time
Using hit time
Using hit time
[       OK ] KalmanFitTelescopeValidation4/KalmanFittingTelescopeTests.Run/0 (19855 ms)
[----------] 1 test from KalmanFitTelescopeValidation4/KalmanFittingTelescopeTests (19861 ms total)

[----------] 1 test from KalmanFitWireChamberValidation0/KalmanFittingWireChamberTests
[ RUN      ] KalmanFitWireChamberValidation0/KalmanFittingWireChamberTests.Run/0
Using hit time
Using hit time
Using hit time
Using hit time
Using hit time
Using hit time
Using hit time
Using hit time
Using hit time
Using hit time
Using hit time
Using hit time
Using hit time
Using hit time
Using hit time
Using hit time
Using hit time
Using hit time
Using hit time
Using hit time
Using hit time
Using hit time
Using hit time
Using hit time
Using hit time
Using hit time
Using hit time
Using hit time
Using hit time
Using hit time
Using hit time
Using hit time
Using hit time
Using hit time
Using hit time
Using hit time
Using hit time
Using hit time
Using hit time
Using hit time
Using hit time
Using hit time
Using hit time
Using hit time
Using hit time
Using hit time
Using hit time
Using hit time
Using hit time
Using hit time
Using hit time
Using hit time
Using hit time
Using hit time
Using hit time
Using hit time
Using hit time
Using hit time
Using hit time
Using hit time
Using hit time
Using hit time
Using hit time
Using hit time
Using hit time
Using hit time
Using hit time
Using hit time
Using hit time
Using hit time
Using hit time
Using hit time
Using hit time
Using hit time
Using hit time
Using hit time
Using hit time
Using hit time
Using hit time
Using hit time
Using hit time
Using hit time
Using hit time
Using hit time
Using hit time
Using hit time
Using hit time
Using hit time
Using hit time
Using hit time
Using hit time
Using hit time
Using hit time
Using hit time
Using hit time
Using hit time
Using hit time
Using hit time
Using hit time
Using hit time
[       OK ] KalmanFitWireChamberValidation0/KalmanFittingWireChamberTests.Run/0 (50278 ms)
[----------] 1 test from KalmanFitWireChamberValidation0/KalmanFittingWireChamberTests (50278 ms total)

[----------] 1 test from KalmanFitWireChamberValidation1/KalmanFittingWireChamberTests
[ RUN      ] KalmanFitWireChamberValidation1/KalmanFittingWireChamberTests.Run/0
Using hit time
Using hit time
Using hit time
Using hit time
Using hit time
Using hit time
Using hit time
Using hit time
Using hit time
Using hit time
Using hit time
Using hit time
Using hit time
Using hit time
Using hit time
Using hit time
Using hit time
Using hit time
Using hit time
Using hit time
Using hit time
Using hit time
Using hit time
Using hit time
Using hit time
Using hit time
Using hit time
Using hit time
Using hit time
Using hit time
Using hit time
Using hit time
Using hit time
Using hit time
Using hit time
Using hit time
Using hit time
Using hit time
Using hit time
Using hit time
Using hit time
Using hit time
Using hit time
Using hit time
Using hit time
Using hit time
Using hit time
Using hit time
Using hit time
Using hit time
Using hit time
Using hit time
Using hit time
Using hit time
Using hit time
Using hit time
Using hit time
Using hit time
Using hit time
Using hit time
Using hit time
Using hit time
Using hit time
Using hit time
Using hit time
Using hit time
Using hit time
Using hit time
Using hit time
Using hit time
Using hit time
Using hit time
Using hit time
Using hit time
Using hit time
Using hit time
Using hit time
Using hit time
Using hit time
Using hit time
Using hit time
Using hit time
Using hit time
Using hit time
Using hit time
Using hit time
Using hit time
Using hit time
Using hit time
Using hit time
Using hit time
Using hit time
Using hit time
Using hit time
Using hit time
Using hit time
Using hit time
Using hit time
Using hit time
Using hit time
Warning in <Fit>: Fit data is empty 
[       OK ] KalmanFitWireChamberValidation1/KalmanFittingWireChamberTests.Run/0 (50820 ms)
[----------] 1 test from KalmanFitWireChamberValidation1/KalmanFittingWireChamberTests (50820 ms total)

[----------] 1 test from KalmanFitWireChamberValidation2/KalmanFittingWireChamberTests
[ RUN      ] KalmanFitWireChamberValidation2/KalmanFittingWireChamberTests.Run/0
Using hit time
Using hit time
Using hit time
Using hit time
Using hit time
Using hit time
Using hit time
Using hit time
Using hit time
Using hit time
Using hit time
Using hit time
Using hit time
Using hit time
Using hit time
Using hit time
Using hit time
Using hit time
Using hit time
Using hit time
Using hit time
Using hit time
Using hit time
Using hit time
Using hit time
Using hit time
Using hit time
Using hit time
Using hit time
Using hit time
Using hit time
Using hit time
Using hit time
Using hit time
Using hit time
Using hit time
Using hit time
Using hit time
Using hit time
Using hit time
Using hit time
Using hit time
Using hit time
Using hit time
Using hit time
Using hit time
Using hit time
Using hit time
Using hit time
Using hit time
Using hit time
Using hit time
Using hit time
Using hit time
Using hit time
Using hit time
Using hit time
Using hit time
Using hit time
Using hit time
Using hit time
Using hit time
Using hit time
Using hit time
Using hit time
Using hit time
Using hit time
Using hit time
Using hit time
Using hit time
Using hit time
Using hit time
Using hit time
Using hit time
Using hit time
Using hit time
Using hit time
Using hit time
Using hit time
Using hit time
Using hit time
Using hit time
Using hit time
Using hit time
Using hit time
Using hit time
Using hit time
Using hit time
Using hit time
Using hit time
Using hit time
Using hit time
Using hit time
Using hit time
Using hit time
Using hit time
Using hit time
Using hit time
Using hit time
Using hit time
[       OK ] KalmanFitWireChamberValidation2/KalmanFittingWireChamberTests.Run/0 (50332 ms)
[----------] 1 test from KalmanFitWireChamberValidation2/KalmanFittingWireChamberTests (50333 ms total)

[----------] 1 test from KalmanFitWireChamberValidation3/KalmanFittingWireChamberTests
[ RUN      ] KalmanFitWireChamberValidation3/KalmanFittingWireChamberTests.Run/0
Using hit time
Using hit time
Using hit time
Using hit time
Using hit time
Using hit time
Using hit time
Using hit time
Using hit time
Using hit time
Using hit time
Using hit time
Using hit time
Using hit time
Using hit time
Using hit time
Using hit time
Using hit time
Using hit time
Using hit time
Using hit time
Using hit time
Using hit time
Using hit time
Using hit time
Using hit time
Using hit time
Using hit time
Using hit time
Using hit time
Using hit time
Using hit time
Using hit time
Using hit time
Using hit time
Using hit time
Using hit time
Using hit time
Using hit time
Using hit time
Using hit time
Using hit time
Using hit time
Using hit time
Using hit time
Using hit time
Using hit time
Using hit time
Using hit time
Using hit time
Using hit time
Using hit time
Using hit time
Using hit time
Using hit time
Using hit time
Using hit time
Using hit time
Using hit time
Using hit time
Using hit time
Using hit time
Using hit time
Using hit time
Using hit time
Using hit time
Using hit time
Using hit time
Using hit time
Using hit time
Using hit time
Using hit time
Using hit time
Using hit time
Using hit time
Using hit time
Using hit time
Using hit time
Using hit time
Using hit time
Using hit time
Using hit time
Using hit time
Using hit time
Using hit time
Using hit time
Using hit time
Using hit time
Using hit time
Using hit time
Using hit time
Using hit time
Using hit time
Using hit time
Using hit time
Using hit time
Using hit time
Using hit time
Using hit time
Using hit time
[       OK ] KalmanFitWireChamberValidation3/KalmanFittingWireChamberTests.Run/0 (55050 ms)
[----------] 1 test from KalmanFitWireChamberValidation3/KalmanFittingWireChamberTests (55050 ms total)

[----------] 1 test from KalmanFitWireChamberValidation4/KalmanFittingWireChamberTests
[ RUN      ] KalmanFitWireChamberValidation4/KalmanFittingWireChamberTests.Run/0
Using hit time
Using hit time
Using hit time
Using hit time
Using hit time
Using hit time
Using hit time
Using hit time
Using hit time
Using hit time
Using hit time
Using hit time
Using hit time
Using hit time
Using hit time
Using hit time
Using hit time
Using hit time
Using hit time
Using hit time
Using hit time
Using hit time
Using hit time
Using hit time
Using hit time
Using hit time
Using hit time
Using hit time
Using hit time
Using hit time
Using hit time
Using hit time
Using hit time
Using hit time
Using hit time
Using hit time
Using hit time
Using hit time
Using hit time
Using hit time
Using hit time
Using hit time
Using hit time
Using hit time
Using hit time
Using hit time
Using hit time
Using hit time
Using hit time
Using hit time
Using hit time
Using hit time
Using hit time
Using hit time
Using hit time
Using hit time
Using hit time
Using hit time
Using hit time
Using hit time
Using hit time
Using hit time
Using hit time
Using hit time
Using hit time
Using hit time
Using hit time
Using hit time
Using hit time
Using hit time
Using hit time
Using hit time
Using hit time
Using hit time
Using hit time
Using hit time
Using hit time
Using hit time
Using hit time
Using hit time
Using hit time
Using hit time
Using hit time
Using hit time
Using hit time
Using hit time
Using hit time
Using hit time
Using hit time
Using hit time
Using hit time
Using hit time
Using hit time
Using hit time
Using hit time
Using hit time
Using hit time
Using hit time
Using hit time
Using hit time
[       OK ] KalmanFitWireChamberValidation4/KalmanFittingWireChamberTests.Run/0 (53053 ms)
[----------] 1 test from KalmanFitWireChamberValidation4/KalmanFittingWireChamberTests (53066 ms total)

[----------] Global test environment tear-down
[==========] 17 tests from 13 test suites ran. (627218 ms total)
[  PASSED  ] 17 tests.
